---
source: crates/tropism/src/render/tui.rs
expression: "render_to_string(&mut app, 100, 24)"
---
" tropism  crates/tropism/tests/fixtures · 1 finding(s) · 1 check(s) did not run                     "
"┌ report ───────────────────────────────────┐┌ detail ─────────────────────────────────────────────┐"
"│  cycle (go)                               ││import cycle between 2 packages                      │"
"│>   warning  import cycle between 2 package││cycle:cycle:465ee449                                 │"
"│    skipped  version-conflict              ││                                                     │"
"│                                           ││check:      cycle                                    │"
"│                                           ││severity:   warning                                  │"
"│                                           ││confidence: high                                     │"
"│                                           ││                                                     │"
"│                                           ││evidence                                             │"
"│                                           ││  cycle/user.go:3                                    │"
"│                                           ││    imports api/order                                │"
"│                                           ││  cycle/order.go:3                                   │"
"│                                           ││    imports back to api/user                         │"
"│                                           ││                                                     │"
"│                                           ││                                                     │"
"│                                           ││                                                     │"
"│                                           ││                                                     │"
"│                                           ││                                                     │"
"│                                           ││                                                     │"
"│                                           ││                                                     │"
"│                                           ││                                                     │"
"└───────────────────────────────────────────┘└─────────────────────────────────────────────────────┘"
" ↑/↓ or j/k move · g/G first/last · q quit                                                          "
